// Jest Snapshot v1, https://goo.gl/fbAQLP

exports[`With Snapshot Testing Should match snapshot Header, Stars and Title children components 1`] = `
.c0 {
  -webkit-align-items: center;
  -webkit-box-align: center;
  -ms-flex-align: center;
  align-items: center;
  background-color: #f2f2f2;
  display: -webkit-box;
  display: -webkit-flex;
  display: -ms-flexbox;
  display: flex;
  -webkit-box-pack: justify;
  -webkit-justify-content: space-between;
  -ms-flex-pack: justify;
  justify-content: space-between;
  padding: 10px;
}

<div
  className="c0"
>
  <h3
    className=""
  >
    Title
  </h3>
  <span
    className=""
  >
    Stars
  </span>
</div>
`;

exports[`With Snapshot Testing Should match snapshot without compound components children 1`] = `"This is a Panel"`;
