// Jest Snapshot v1, https://goo.gl/fbAQLP

exports[`With Snapshot Testing Should match snapshot 1`] = `
.c0 {
  color: inherit;
  -webkit-text-decoration: none;
  text-decoration: none;
}

<a
  className="c0"
>
  This is a link
</a>
`;
