// Jest Snapshot v1, https://goo.gl/fbAQLP

exports[`With Snapshot Testing Should match snapshot 1`] = `
.c0 {
  margin: 0 auto;
  max-width: 700px;
}

<div
  className="c0"
>
  Hello
</div>
`;
